oracle = 17
coût minimum calculé = 17
Test réussi
